// Jest Snapshot v1, https://goo.gl/fbAQLP

exports[`render a App 1`] = `
<div>
  <Connect(Header) />
  <Connect(FlashMessage) />
  <Footer />
</div>
`;
