// Jest Snapshot v1, https://goo.gl/fbAQLP

exports[`render a Gallery 1`] = `
<div>
  <h1>
    Gallery
  </h1>
</div>
`;
