// Jest Snapshot v1, https://goo.gl/fbAQLP

exports[`render a Header 1`] = `
<header>
  <nav
    className="navbar fixed-top navbar-expand-lg"
  >
    <div
      className="container"
    >
      <Link
        className="navbar-brand"
        replace={false}
        to="/"
      >
        <img
          src={null}
          width="100"
        />
      </Link>
      <button
        className="navbar-toggler hidden-md-up pull-xs-right"
        data-target="#navbarSupportedContent"
        data-toggle="collapse"
        type="button"
      >
        â˜°
      </button>
      <div
        className="collapse navbar-collapse"
        id="navbarSupportedContent"
      >
        <div
          className="menu ml-auto"
        >
          <ul
            className="navbar-nav ml-auto"
          >
            <li
              className="nav-item active"
            >
              <Link
                className="nav-link"
                replace={false}
                to="/"
              >
                Home
              </Link>
            </li>
            <li
              className="nav-item"
            >
              <Link
                className="nav-link"
                replace={false}
                to="/shop"
              >
                Shop
              </Link>
            </li>
            <li
              className="nav-item"
            >
              <Link
                className="nav-link"
                replace={false}
                to="/contact"
              >
                Contact
              </Link>
            </li>
            <li
              className="nav-item"
            >
              <a
                className="nav-link"
                href="/users/sign_in"
              >
                Sign In
              </a>
            </li>
            <li
              className="nav-item"
            >
              <a
                className="nav-link"
                href="/users/sign_up"
              >
                Sign Up
              </a>
            </li>
            <li
              className="nav-item"
            >
              <Link
                className="nav-link"
                replace={false}
                to="/cart"
              >
                <FontAwesomeIcon
                  border={false}
                  className=""
                  fixedWidth={false}
                  flip={null}
                  icon="shopping-cart"
                  inverse={false}
                  listItem={false}
                  mask={null}
                  pull={null}
                  pulse={false}
                  rotation={null}
                  size={null}
                  spin={false}
                  symbol={false}
                  title=""
                  transform={null}
                />
                 Cart (
                0
                )
              </Link>
            </li>
          </ul>
        </div>
      </div>
    </div>
  </nav>
</header>
`;
