// Jest Snapshot v1, https://goo.gl/fbAQLP

exports[`render a CartItem 1`] = `
<div
  className="row"
>
  <div
    className="col-12 col-sm-12 col-md-2 text-center"
  >
    <img
      alt="prewiew"
      className="img-responsive"
      height="80"
    />
  </div>
  <div
    className="col-12 text-sm-center col-sm-12 text-md-left col-md-6"
  >
    <h6
      className="product-name"
    >
      <strong>
        test product
      </strong>
    </h6>
    <h6>
      <small />
    </h6>
  </div>
  <div
    className="col-12 col-sm-12 text-sm-center col-md-4 text-md-right row"
  >
    <div
      className="col-3 col-sm-3 col-md-6 text-md-right line-item-price"
    >
      <h6>
        <strong>
           
          <span
            className="text-muted"
          >
            x
          </span>
        </strong>
      </h6>
    </div>
    <div
      className="col-4 col-sm-4 col-md-4"
    >
      <div
        className="quantity"
      >
        <input
          className="plus"
          onClick={[Function]}
          type="button"
          value="+"
        />
        <input
          className="qty"
          defaultValue={1}
          max="99"
          min="1"
          onBlur={[Function]}
          size="4"
          step="1"
          title="Qty"
          type="number"
        />
        <input
          className="minus"
          onClick={[Function]}
          type="button"
          value="-"
        />
      </div>
    </div>
    <div
      className="col-2 col-sm-2 col-md-2 text-right"
    >
      <button
        className="btn btn-outline-danger btn-xs"
        onClick={[Function]}
        type="button"
      >
        <i
          aria-hidden="true"
          className="fa fa-trash"
        />
      </button>
    </div>
  </div>
</div>
`;
