// Jest Snapshot v1, https://goo.gl/fbAQLP

exports[`render a Checkout 1`] = `
<Provider>
  <Elements>
    <Connect(InjectStripe(CheckoutForm)) />
  </Elements>
</Provider>
`;
